##############################################################################
## Directory: \ML - Machine learning                                        ##
##############################################################################
GIT_9202.ZIP  101858 01-06-93 Paper: A Theory of Questions and Question Asking
GIT_9203.ZIP  139117 01-13-93 Paper: Incremental Learning of Explanatory Cases
GIT_9204.ZIP   93479 01-17-93 Paper: The Use of Goals to Guide Learning
GIT_9219.ZIP   61843 01-17-93 Paper: Introspective Reasoning/Meta-Explanations
------------------------------------------------------------------------------
-- Machine Learning Digest ---------------------------------------------------
------------------------------------------------------------------------------
MLD1_01.ZIP     4614 06-27-92 Machine Learning Digest Volume 1 Issue 01
MLD1_02.ZIP     4944 06-27-92 Machine Learning Digest Volume 1 Issue 02
MLD1_03.ZIP     5697 06-27-92 Machine Learning Digest Volume 1 Issue 03
MLD1_04.ZIP     4127 06-27-92 Machine Learning Digest Volume 1 Issue 04
MLD1_05.ZIP     2832 06-27-92 Machine Learning Digest Volume 1 Issue 05
MLD1_06.ZIP     6628 06-27-92 Machine Learning Digest Volume 1 Issue 06
MLD1_07.ZIP     3946 06-27-92 Machine Learning Digest Volume 1 Issue 07
MLD1_08.ZIP     2497 06-27-92 Machine Learning Digest Volume 1 Issue 08
MLD1_09.ZIP     5458 06-27-92 Machine Learning Digest Volume 1 Issue 09
MLD1_10.ZIP     5423 06-27-92 Machine Learning Digest Volume 1 Issue 10
MLD1_11.ZIP     3113 06-27-92 Machine Learning Digest Volume 1 Issue 11
MLD1_12.ZIP    16853 06-27-92 Machine Learning Digest Volume 1 Issue 12
MLD1_13.ZIP     5006 06-27-92 Machine Learning Digest Volume 1 Issue 13
MLD1_14.ZIP     9056 06-27-92 Machine Learning Digest Volume 1 Issue 14
MLD1_15.ZIP     4309 06-27-92 Machine Learning Digest Volume 1 Issue 15
------------------------------------------------------------------------------
MLD2_01.ZIP     3680 06-28-92 Machine Learning Digest Volume 2 Issue 01
MLD2_02.ZIP     4915 06-28-92 Machine Learning Digest Volume 2 Issue 02
MLD2_03.ZIP     3662 06-28-92 Machine Learning Digest Volume 2 Issue 03
MLD2_04.ZIP     3928 06-28-92 Machine Learning Digest Volume 2 Issue 04
MLD2_05.ZIP     7995 06-28-92 Machine Learning Digest Volume 2 Issue 05
MLD2_06.ZIP     2243 06-28-92 Machine Learning Digest Volume 2 Issue 06
MLD2_07.ZIP     3413 06-28-92 Machine Learning Digest Volume 2 Issue 07
MLD2_08.ZIP     3353 06-28-92 Machine Learning Digest Volume 2 Issue 08
MLD2_09.ZIP    10952 06-28-92 Machine Learning Digest Volume 2 Issue 09
MLD2_10.ZIP     4595 06-28-92 Machine Learning Digest Volume 2 Issue 10
MLD2_11.ZIP     9830 06-28-92 Machine Learning Digest Volume 2 Issue 11
MLD2_12.ZIP     7133 06-28-92 Machine Learning Digest Volume 2 Issue 12
MLD2_13.ZIP    11202 06-28-92 Machine Learning Digest Volume 2 Issue 13
MLD2_14.ZIP     4853 06-28-92 Machine Learning Digest Volume 2 Issue 14
MLD2_15.ZIP     4324 06-28-92 Machine Learning Digest Volume 2 Issue 15
MLD2_16.ZIP     5982 06-28-92 Machine Learning Digest Volume 2 Issue 16
MLD2_17.ZIP     2787 06-28-92 Machine Learning Digest Volume 2 Issue 17
MLD2_18.ZIP     5162 06-28-92 Machine Learning Digest Volume 2 Issue 18
MLD2_19.ZIP     7479 06-28-92 Machine Learning Digest Volume 2 Issue 19
MLD2_20.ZIP     7888 06-28-92 Machine Learning Digest Volume 2 Issue 20
MLD2_21.ZIP     4280 06-28-92 Machine Learning Digest Volume 2 Issue 21
MLD2_22.ZIP     4441 06-28-92 Machine Learning Digest Volume 2 Issue 22
MLD2_23.ZIP     2419 06-28-92 Machine Learning Digest Volume 2 Issue 23
------------------------------------------------------------------------------
MLD3_02.ZIP     5412 06-28-92 Machine Learning Digest Volume 3 Issue 02
MLD3_03.ZIP     4237 06-28-92 Machine Learning Digest Volume 3 Issue 03
MLD3_04.ZIP     8896 06-28-92 Machine Learning Digest Volume 3 Issue 04
MLD3_05.ZIP     3317 06-28-92 Machine Learning Digest Volume 3 Issue 05
MLD3_06.ZIP     7011 06-28-92 Machine Learning Digest Volume 3 Issue 06
MLD3_07.ZIP     4932 06-28-92 Machine Learning Digest Volume 3 Issue 07
MLD3_08.ZIP    21425 06-28-92 Machine Learning Digest Volume 3 Issue 08
MLD3_09.ZIP     2942 06-28-92 Machine Learning Digest Volume 3 Issue 09
MLD3_10.ZIP    22088 06-28-92 Machine Learning Digest Volume 3 Issue 10
MLD3_11.ZIP     6855 06-28-92 Machine Learning Digest Volume 3 Issue 11
MLD3_12.ZIP     9064 06-28-92 Machine Learning Digest Volume 3 Issue 12
MLD3_13.ZIP     9414 06-28-92 Machine Learning Digest Volume 3 Issue 13
MLD3_14.ZIP     3759 06-28-92 Machine Learning Digest Volume 3 Issue 14
MLD3_15.ZIP     3170 06-28-92 Machine Learning Digest Volume 2 Issue 15
MLD3_16.ZIP     6018 06-28-92 Machine Learning Digest Volume 3 Issue 16
MLD3_17.ZIP     8053 06-28-92 Machine Learning Digest Volume 3 Issue 17
MLD3_18.ZIP     6198 06-28-92 Machine Learning Digest Volume 3 Issue 18
MLD3_19.ZIP     2321 06-28-92 Machine Learning Digest Volume 3 Issue 19
MLD3_20.ZIP     4493 06-28-92 Machine Learning Digest Volume 3 Issue 20
MLD3_21.ZIP     5508 06-28-92 Machine Learning Digest Volume 3 Issue 21
MLD3_22.ZIP     3427 06-28-92 Machine Learning Digest Volume 3 Issue 22
MLD3_23.ZIP    11581 06-28-92 Machine Learning Digest Volume 3 Issue 23
------------------------------------------------------------------------------
MLD4_01.ZIP     6817 07-04-92 Machine Learning Digest Volume 4 Issue 01
MLD4_02.ZIP     9797 07-04-92 Machine Learning Digest Volume 4 Issue 02
MLD4_03.ZIP     6650 07-04-92 Machine Learning Digest Volume 4 Issue 04
MLD4_04.ZIP    12923 07-04-92 Machine Learning Digest Volume 4 Issue 04
MLD4_05.ZIP     3631 07-04-92 Machine Learning Digest Volume 4 Issue 05
MLD4_06.ZIP     7734 07-04-92 Machine Learning Digest Volume 4 Issue 06
MLD4_07.ZIP    11062 07-04-92 Machine Learning Digest Volume 4 Issue 07
MLD4_08.ZIP     6517 07-04-92 Machine Learning Digest Volume 4 Issue 08
MLD4_09.ZIP    18098 07-04-92 Machine Learning Digest Volume 4 Issue 09
MLD4_10.ZIP     8272 07-06-93 Machine Learning Digest Volume 4 Issue 10
MLD4_11.ZIP     8445 07-06-93 Machine Learning Digest Volume 4 Issue 11
MLD4_12.ZIP    13788 07-06-93 Machine Learning Digest Volume 4 Issue 12
MLD4_13.ZIP     3602 07-06-93 Machine Learning Digest Volume 4 Issue 13
MLD4_14.ZIP     8545 07-06-93 Machine Learning Digest Volume 4 Issue 14
MLD4_15.ZIP    12619 07-06-93 Machine Learning Digest Volume 4 Issue 15
MLD4_16.ZIP     8205 07-06-93 Machine Learning Digest Volume 4 Issue 16
MLD4_17.ZIP    10452 07-06-93 Machine Learning Digest Volume 4 Issue 17
MLD4_18.ZIP    10970 07-06-93 Machine Learning Digest Volume 4 Issue 18
MLD4_19.ZIP     9593 07-06-93 Machine Learning Digest Volume 4 Issue 19
MLD4_20.ZIP    24115 07-06-93 Machine Learning Digest Volume 4 Issue 20
MLD4_21.ZIP     5392 07-06-93 Machine Learning Digest Volume 4 Issue 21
MLD4_22.ZIP    14222 07-06-93 Machine Learning Digest Volume 4 Issue 22
MLD4_23.ZIP     6918 07-06-93 Machine Learning Digest Volume 4 Issue 23
MLD4_24.ZIP    11556 07-06-93 Machine Learning Digest Volume 4 Issue 24
------------------------------------------------------------------------------
MLD5_01.ZIP     5000 07-06-93 Machine Learning Digest Volume 5 Issue 01
MLD5_02.ZIP    11136 07-06-93 Machine Learning Digest Volume 5 Issue 02
MLD5_03.ZIP    13464 07-06-93 Machine Learning Digest Volume 5 Issue 04
MLD5_04.ZIP     6273 07-06-93 Machine Learning Digest Volume 5 Issue 04
MLD5_05.ZIP     6176 07-06-93 Machine Learning Digest Volume 5 Issue 05
MLD5_06.ZIP     7817 07-06-93 Machine Learning Digest Volume 5 Issue 06
MLD5_07.ZIP    10528 07-06-93 Machine Learning Digest Volume 5 Issue 07
MLD5_08.ZIP    40794 07-06-93 Machine Learning Digest Volume 5 Issue 08
MLD5_09.ZIP    10463 07-06-93 Machine Learning Digest Volume 5 Issue 09
MLD5_10.ZIP    11598 07-06-93 Machine Learning Digest Volume 5 Issue 10
MLD5_11.ZIP    15366 07-06-93 Machine Learning Digest Volume 5 Issue 11
MLD5_12.ZIP     8581 07-06-93 Machine Learning Digest Volume 5 Issue 12
MLD5_13.ZIP    13262 07-06-93 Machine Learning Digest Volume 5 Issue 13
MLD5_14.ZIP     4755 07-06-93 Machine Learning Digest Volume 5 Issue 14
MLD5_15.ZIP    18090 12-03-94 Machine Learning Digest Volume 5 Issue 15
MLD5_16.ZIP    13757 12-03-94 Machine Learning Digest Volume 5 Issue 16
MLD5_17.ZIP    13245 12-03-94 Machine Learning Digest Volume 5 Issue 17
MLD5_18.ZIP    17326 12-03-94 Machine Learning Digest Volume 5 Issue 18
MLD5_19.ZIP     9401 12-03-94 Machine Learning Digest Volume 5 Issue 19
MLD5_20.ZIP    12278 12-03-94 Machine Learning Digest Volume 5 Issue 20
MLD5_21.ZIP     8735 12-03-94 Machine Learning Digest Volume 5 Issue 21
MLD5_22.ZIP    10265 12-03-94 Machine Learning Digest Volume 5 Issue 22
MLD5_23.ZIP     7740 12-03-94 Machine Learning Digest Volume 5 Issue 23
MLD5_24.ZIP    10409 12-03-94 Machine Learning Digest Volume 5 Issue 24
MLD5_25.ZIP     7704 12-03-94 Machine Learning Digest Volume 5 Issue 25
MLD5_26.ZIP     9774 12-03-94 Machine Learning Digest Volume 5 Issue 26
MLD5_27.ZIP     7145 12-03-94 Machine Learning Digest Volume 5 Issue 27
------------------------------------------------------------------------------
MLD6_01.ZIP    13972 12-03-94 Machine Learning Digest Volume 6 Issue 01
MLD6_02.ZIP    29710 12-03-94 Machine Learning Digest Volume 6 Issue 02
MLD6_03.ZIP     6806 12-03-94 Machine Learning Digest Volume 6 Issue 03
MLD6_04.ZIP    11458 12-03-94 Machine Learning Digest Volume 6 Issue 04
MLD6_05.ZIP     6178 12-03-94 Machine Learning Digest Volume 6 Issue 05
MLD6_06.ZIP     8862 12-03-94 Machine Learning Digest Volume 6 Issue 06
MLD6_07.ZIP     6456 12-03-94 Machine Learning Digest Volume 6 Issue 07
MLD6_08.ZIP    13331 12-03-94 Machine Learning Digest Volume 6 Issue 08
MLD6_09.ZIP    38400 12-03-94 Machine Learning Digest Volume 6 Issue 09
MLD6_10.ZIP    25122 12-03-94 Machine Learning Digest Volume 6 Issue 10
MLD6_11.ZIP    12985 12-03-94 Machine Learning Digest Volume 6 Issue 11
MLD6_12.ZIP    10613 12-03-94 Machine Learning Digest Volume 6 Issue 12
MLD6_13.ZIP    22352 12-03-94 Machine Learning Digest Volume 6 Issue 13
MLD6_14.ZIP     5423 12-03-94 Machine Learning Digest Volume 6 Issue 14
MLD6_15.ZIP     7658 12-03-94 Machine Learning Digest Volume 6 Issue 15
MLD6_16.ZIP     4479 12-03-94 Machine Learning Digest Volume 6 Issue 16
MLD6_17.ZIP    38388 12-03-94 Machine Learning Digest Volume 6 Issue 17
MLD6_18.ZIP    15724 12-03-94 Machine Learning Digest Volume 6 Issue 18
MLD6_19.ZIP     9075 12-03-94 Machine Learning Digest Volume 6 Issue 19
MLD6_20.ZIP    12469 12-03-94 Machine Learning Digest Volume 6 Issue 20
MLD6_21.ZIP    14484 12-03-94 Machine Learning Digest Volume 6 Issue 21
MLD6_22.ZIP    20183 12-03-94 Machine Learning Digest Volume 6 Issue 22
MLD6_23.ZIP    18285 12-03-94 Machine Learning Digest Volume 6 Issue 23
MLD6_24.ZIP     8464 12-03-94 Machine Learning Digest Volume 6 Issue 24
MLD6_25.ZIP    26907 12-03-94 Machine Learning Digest Volume 6 Issue 25
MLD6_26.ZIP    12908 12-03-94 Machine Learning Digest Volume 6 Issue 26
MLD6_27.ZIP    21498 12-03-94 Machine Learning Digest Volume 6 Issue 27
MLD6_28.ZIP    11159 12-03-94 Machine Learning Digest Volume 6 Issue 28
MLD6_29.ZIP    13289 12-03-94 Machine Learning Digest Volume 6 Issue 29
MLD6_30.ZIP    30852 12-03-94 Machine Learning Digest Volume 6 Issue 30
